// Jest Snapshot v1, https://goo.gl/fbAQLP

exports[`Projects Board should render projects board component 1`] = `
Object {
  "asFragment": [Function],
  "baseElement": <body>
    <div>
      <div>
        <div
          class="sc-eDvSVe ia-DZiP"
        >
          <div
            class="sc-jSUZER iflYaU"
          >
            Projects
          </div>
          <div
            class="sc-hLBbgP jNGPUm"
          >
            <a
              href="/1"
            >
              DashBoard
            </a>
            <button
              class="sc-bcXHqe iPtRTz"
              id="1"
            >
              x
            </button>
          </div>
          <button
            class="sc-gswNZR fQtaQt"
          >
            +
          </button>
        </div>
      </div>
    </div>
  </body>,
  "container": <div>
    <div>
      <div
        class="sc-eDvSVe ia-DZiP"
      >
        <div
          class="sc-jSUZER iflYaU"
        >
          Projects
        </div>
        <div
          class="sc-hLBbgP jNGPUm"
        >
          <a
            href="/1"
          >
            DashBoard
          </a>
          <button
            class="sc-bcXHqe iPtRTz"
            id="1"
          >
            x
          </button>
        </div>
        <button
          class="sc-gswNZR fQtaQt"
        >
          +
        </button>
      </div>
    </div>
  </div>,
  "debug": [Function],
  "findAllByAltText": [Function],
  "findAllByDisplayValue": [Function],
  "findAllByLabelText": [Function],
  "findAllByPlaceholderText": [Function],
  "findAllByRole": [Function],
  "findAllByTestId": [Function],
  "findAllByText": [Function],
  "findAllByTitle": [Function],
  "findByAltText": [Function],
  "findByDisplayValue": [Function],
  "findByLabelText": [Function],
  "findByPlaceholderText": [Function],
  "findByRole": [Function],
  "findByTestId": [Function],
  "findByText": [Function],
  "findByTitle": [Function],
  "getAllByAltText": [Function],
  "getAllByDisplayValue": [Function],
  "getAllByLabelText": [Function],
  "getAllByPlaceholderText": [Function],
  "getAllByRole": [Function],
  "getAllByTestId": [Function],
  "getAllByText": [Function],
  "getAllByTitle": [Function],
  "getByAltText": [Function],
  "getByDisplayValue": [Function],
  "getByLabelText": [Function],
  "getByPlaceholderText": [Function],
  "getByRole": [Function],
  "getByTestId": [Function],
  "getByText": [Function],
  "getByTitle": [Function],
  "queryAllByAltText": [Function],
  "queryAllByDisplayValue": [Function],
  "queryAllByLabelText": [Function],
  "queryAllByPlaceholderText": [Function],
  "queryAllByRole": [Function],
  "queryAllByTestId": [Function],
  "queryAllByText": [Function],
  "queryAllByTitle": [Function],
  "queryByAltText": [Function],
  "queryByDisplayValue": [Function],
  "queryByLabelText": [Function],
  "queryByPlaceholderText": [Function],
  "queryByRole": [Function],
  "queryByTestId": [Function],
  "queryByText": [Function],
  "queryByTitle": [Function],
  "rerender": [Function],
  "unmount": [Function],
}
`;
