// Jest Snapshot v1, https://goo.gl/fbAQLP

exports[`Task Board should render task board component 1`] = `
Object {
  "asFragment": [Function],
  "baseElement": <body>
    <div>
      <div>
        <div
          class="sc-bcXHqe hVCnkf"
        >
          <div
            class="sc-hLBbgP bNpxGq"
          >
            <div
              class="sc-bcXHqe auLWH"
            >
              <div
                class="sc-eDvSVe jsUpMt"
              >
                Queue
              </div>
              <div
                class="sc-jrcTuL hBqAWt"
                draggable="true"
                style="opacity: 1;"
              >
                <div
                  class="sc-ipEyDJ jNZfST"
                  result="NaN"
                >
                  <span />
                </div>
                <div>
                  <p
                    class="sc-kDvujY hBxPJI"
                    color="green"
                  >
                    !
                  </p>
                  any
                </div>
                <div
                  class="controls"
                >
                  <button>
                    s
                  </button>
                  <button
                    class="sc-jSUZER iXDapD"
                  >
                    x
                  </button>
                </div>
              </div>
              <button
                class="sc-gswNZR dGHIbY"
              >
                +
              </button>
            </div>
          </div>
          <div
            class="sc-hLBbgP fRuQZs"
          >
            <div
              class="sc-bcXHqe auLWH"
            >
              <div
                class="sc-eDvSVe jsUpMt"
              >
                Development
              </div>
              <div
                class="sc-jrcTuL koTQWt"
                draggable="true"
                style="opacity: 1;"
              >
                <div
                  class="sc-ipEyDJ jNZfST"
                  result="NaN"
                >
                  <span />
                </div>
                <div>
                  <p
                    class="sc-kDvujY hBxPJI"
                    color="green"
                  >
                    !
                  </p>
                  any
                </div>
                <div
                  class="controls"
                >
                  <button>
                    s
                  </button>
                  <button
                    class="sc-jSUZER iXDapD"
                  >
                    x
                  </button>
                </div>
              </div>
              <button
                class="sc-gswNZR ioYtda"
              >
                +
              </button>
            </div>
          </div>
          <div
            class="sc-hLBbgP WNvMq"
          >
            <div
              class="sc-bcXHqe auLWH"
            >
              <div
                class="sc-eDvSVe jsUpMt"
              >
                Done
              </div>
              <div
                class="sc-jrcTuL dOFvOd"
                draggable="true"
                style="opacity: 1;"
              >
                <div
                  class="sc-ipEyDJ jNZfST"
                  result="NaN"
                >
                  <span />
                </div>
                <div>
                  <p
                    class="sc-kDvujY hBxPJI"
                    color="green"
                  >
                    !
                  </p>
                  any
                </div>
                <div
                  class="controls"
                >
                  <button>
                    s
                  </button>
                  <button
                    class="sc-jSUZER iXDapD"
                  >
                    x
                  </button>
                </div>
              </div>
              <button
                class="sc-gswNZR lozcVE"
              >
                +
              </button>
            </div>
          </div>
        </div>
      </div>
    </div>
  </body>,
  "container": <div>
    <div>
      <div
        class="sc-bcXHqe hVCnkf"
      >
        <div
          class="sc-hLBbgP bNpxGq"
        >
          <div
            class="sc-bcXHqe auLWH"
          >
            <div
              class="sc-eDvSVe jsUpMt"
            >
              Queue
            </div>
            <div
              class="sc-jrcTuL hBqAWt"
              draggable="true"
              style="opacity: 1;"
            >
              <div
                class="sc-ipEyDJ jNZfST"
                result="NaN"
              >
                <span />
              </div>
              <div>
                <p
                  class="sc-kDvujY hBxPJI"
                  color="green"
                >
                  !
                </p>
                any
              </div>
              <div
                class="controls"
              >
                <button>
                  s
                </button>
                <button
                  class="sc-jSUZER iXDapD"
                >
                  x
                </button>
              </div>
            </div>
            <button
              class="sc-gswNZR dGHIbY"
            >
              +
            </button>
          </div>
        </div>
        <div
          class="sc-hLBbgP fRuQZs"
        >
          <div
            class="sc-bcXHqe auLWH"
          >
            <div
              class="sc-eDvSVe jsUpMt"
            >
              Development
            </div>
            <div
              class="sc-jrcTuL koTQWt"
              draggable="true"
              style="opacity: 1;"
            >
              <div
                class="sc-ipEyDJ jNZfST"
                result="NaN"
              >
                <span />
              </div>
              <div>
                <p
                  class="sc-kDvujY hBxPJI"
                  color="green"
                >
                  !
                </p>
                any
              </div>
              <div
                class="controls"
              >
                <button>
                  s
                </button>
                <button
                  class="sc-jSUZER iXDapD"
                >
                  x
                </button>
              </div>
            </div>
            <button
              class="sc-gswNZR ioYtda"
            >
              +
            </button>
          </div>
        </div>
        <div
          class="sc-hLBbgP WNvMq"
        >
          <div
            class="sc-bcXHqe auLWH"
          >
            <div
              class="sc-eDvSVe jsUpMt"
            >
              Done
            </div>
            <div
              class="sc-jrcTuL dOFvOd"
              draggable="true"
              style="opacity: 1;"
            >
              <div
                class="sc-ipEyDJ jNZfST"
                result="NaN"
              >
                <span />
              </div>
              <div>
                <p
                  class="sc-kDvujY hBxPJI"
                  color="green"
                >
                  !
                </p>
                any
              </div>
              <div
                class="controls"
              >
                <button>
                  s
                </button>
                <button
                  class="sc-jSUZER iXDapD"
                >
                  x
                </button>
              </div>
            </div>
            <button
              class="sc-gswNZR lozcVE"
            >
              +
            </button>
          </div>
        </div>
      </div>
    </div>
  </div>,
  "debug": [Function],
  "findAllByAltText": [Function],
  "findAllByDisplayValue": [Function],
  "findAllByLabelText": [Function],
  "findAllByPlaceholderText": [Function],
  "findAllByRole": [Function],
  "findAllByTestId": [Function],
  "findAllByText": [Function],
  "findAllByTitle": [Function],
  "findByAltText": [Function],
  "findByDisplayValue": [Function],
  "findByLabelText": [Function],
  "findByPlaceholderText": [Function],
  "findByRole": [Function],
  "findByTestId": [Function],
  "findByText": [Function],
  "findByTitle": [Function],
  "getAllByAltText": [Function],
  "getAllByDisplayValue": [Function],
  "getAllByLabelText": [Function],
  "getAllByPlaceholderText": [Function],
  "getAllByRole": [Function],
  "getAllByTestId": [Function],
  "getAllByText": [Function],
  "getAllByTitle": [Function],
  "getByAltText": [Function],
  "getByDisplayValue": [Function],
  "getByLabelText": [Function],
  "getByPlaceholderText": [Function],
  "getByRole": [Function],
  "getByTestId": [Function],
  "getByText": [Function],
  "getByTitle": [Function],
  "queryAllByAltText": [Function],
  "queryAllByDisplayValue": [Function],
  "queryAllByLabelText": [Function],
  "queryAllByPlaceholderText": [Function],
  "queryAllByRole": [Function],
  "queryAllByTestId": [Function],
  "queryAllByText": [Function],
  "queryAllByTitle": [Function],
  "queryByAltText": [Function],
  "queryByDisplayValue": [Function],
  "queryByLabelText": [Function],
  "queryByPlaceholderText": [Function],
  "queryByRole": [Function],
  "queryByTestId": [Function],
  "queryByText": [Function],
  "queryByTitle": [Function],
  "rerender": [Function],
  "unmount": [Function],
}
`;
